GAMS 36.0.0  r05db3f8 ALFA Released  9Jul21 WEX-WEI x86 64bit/MS Windows - 11/26/21 14:59:09 Page 1
A Transportation Problem (TRNSPORT,SEQ=1)
C o m p i l a t i o n


   2   
      This problem finds a least cost shipping schedule that meets
      requirements at markets and supplies at factories.
       
       
      Dantzig, G B, Chapter 3.3. In Linear Programming and Extensions.
      Princeton University Press, Princeton, New Jersey, 1963.
       
      This formulation is described in detail in:
      Rosenthal, R E, Chapter 2: A GAMS Tutorial. In GAMS: A User's Guide.
      The Scientific Press, Redwood City, California, 1988.
       
      The line numbers will not match those in the book because of these
      comments.
       
      Keywords: linear programming, transportation problem, scheduling
  20   
  21  Set
  22     i 'canning plants' / seattle,  san-diego /
  23     j 'markets'        / new-york, chicago, topeka /;
  24   
  25  Parameter
  26     a(i) 'capacity of plant i in cases'
  27          / seattle    350
  28            san-diego  600 /
  29   
  30     b(j) 'demand at market j in cases'
  31          / new-york   325
  32            chicago    300
  33            topeka     275 /;
  34   
  35  Table d(i,j) 'distance in thousands of miles'
  36                new-york  chicago  topeka
  37     seattle         2.5      1.7     1.8
  38     san-diego       2.5      1.8     1.4;
  39   
  40  Scalar f 'freight in dollars per case per thousand miles' / 90 /;
  41   
  42  Parameter c(i,j) 'transport cost in thousands of dollars per case';
  43  c(i,j) = f*d(i,j)/1000;
  44   
  45  Variable
  46     x(i,j) 'shipment quantities in cases'
  47     z      'total transportation costs in thousands of dollars';
  48   
  49  Positive Variable x;
  50   
  51  Equation
  52     cost      'define objective function'
  53     supply(i) 'observe supply limit at plant i'
  54     demand(j) 'satisfy demand at market j';
  55   
  56  cost..      z =e= sum((i,j), c(i,j)*x(i,j));
  57   
  58  supply(i).. sum(j, x(i,j)) =l= a(i);
  59   
  60  demand(j).. sum(i, x(i,j)) =g= b(j);
  61   
  62  Model transport / all /;
  63   
  64  solve transport using lp minimizing z;
  65   
  66  display x.l, x.m;


COMPILATION TIME     =        0.000 SECONDS      3 MB  36.0.0 r05db3f8 WEX-WEI
GAMS 36.0.0  r05db3f8 ALFA Released  9Jul21 WEX-WEI x86 64bit/MS Windows - 11/26/21 14:59:09 Page 2
A Transportation Problem (TRNSPORT,SEQ=1)
Equation Listing    SOLVE transport Using LP From line 64


---- cost  =E=  define objective function

cost..  - 0.225*x(seattle,new-york) - 0.153*x(seattle,chicago) - 0.162*x(seattle,topeka) - 0.225*x(san-diego,new-york) - 0.162*x(san-diego,chicago) - 0.126*x(san-diego,topeka) + z =E= 0 ; (LHS = 0)
     

---- supply  =L=  observe supply limit at plant i

supply(seattle)..  x(seattle,new-york) + x(seattle,chicago) + x(seattle,topeka) =L= 350 ; (LHS = 0)
     
supply(san-diego)..  x(san-diego,new-york) + x(san-diego,chicago) + x(san-diego,topeka) =L= 600 ; (LHS = 0)
     

---- demand  =G=  satisfy demand at market j

demand(new-york)..  x(seattle,new-york) + x(san-diego,new-york) =G= 325 ; (LHS = 0, INFES = 325 ****)
     
demand(chicago)..  x(seattle,chicago) + x(san-diego,chicago) =G= 300 ; (LHS = 0, INFES = 300 ****)
     
demand(topeka)..  x(seattle,topeka) + x(san-diego,topeka) =G= 275 ; (LHS = 0, INFES = 275 ****)
     
GAMS 36.0.0  r05db3f8 ALFA Released  9Jul21 WEX-WEI x86 64bit/MS Windows - 11/26/21 14:59:09 Page 3
A Transportation Problem (TRNSPORT,SEQ=1)
Column Listing      SOLVE transport Using LP From line 64


---- x  shipment quantities in cases

x(seattle,new-york)
                (.LO, .L, .UP, .M = 0, 0, +INF, 0)
       -0.225   cost
        1       supply(seattle)
        1       demand(new-york)

x(seattle,chicago)
                (.LO, .L, .UP, .M = 0, 0, +INF, 0)
       -0.153   cost
        1       supply(seattle)
        1       demand(chicago)

x(seattle,topeka)
                (.LO, .L, .UP, .M = 0, 0, +INF, 0)
       -0.162   cost
        1       supply(seattle)
        1       demand(topeka)

REMAINING 3 ENTRIES SKIPPED

---- z  total transportation costs in thousands of dollars

z
                (.LO, .L, .UP, .M = -INF, 0, +INF, 0)
        1       cost

GAMS 36.0.0  r05db3f8 ALFA Released  9Jul21 WEX-WEI x86 64bit/MS Windows - 11/26/21 14:59:09 Page 4
A Transportation Problem (TRNSPORT,SEQ=1)
Model Statistics    SOLVE transport Using LP From line 64


MODEL STATISTICS

BLOCKS OF EQUATIONS           3     SINGLE EQUATIONS            6
BLOCKS OF VARIABLES           2     SINGLE VARIABLES            7
NON ZERO ELEMENTS            19


GENERATION TIME      =        0.047 SECONDS      4 MB  36.0.0 r05db3f8 WEX-WEI
GAMS 36.0.0  r05db3f8 ALFA Released  9Jul21 WEX-WEI x86 64bit/MS Windows - 11/26/21 14:59:09 Page 5
A Transportation Problem (TRNSPORT,SEQ=1)
Solution Report     SOLVE transport Using LP From line 64


               S O L V E      S U M M A R Y

     MODEL   transport           OBJECTIVE  z
     TYPE    LP                  DIRECTION  MINIMIZE
     SOLVER  CPLEX               FROM LINE  64

**** SOLVER STATUS     1 Normal Completion
**** MODEL STATUS      1 Optimal
**** OBJECTIVE VALUE              153.6750

 RESOURCE USAGE, LIMIT          0.047 10000000000.000
 ITERATION COUNT, LIMIT         4    2147483647
--- *** This solver runs with a demo license. No commercial use.
--- GMO setup time: 0.00s
--- GMO memory 0.50 Mb (peak 0.50 Mb)
--- Dictionary memory 0.00 Mb
--- Cplex 20.1.0.1 link memory 0.00 Mb (peak 0.00 Mb)
--- Starting Cplex


--- LP status (1): optimal.
--- Cplex Time: 0.01sec (det. 0.01 ticks)


Optimal solution found
Objective:          153.675000


                           LOWER          LEVEL          UPPER         MARGINAL

---- EQU cost                .              .              .             1.0000      

  cost  define objective function

---- EQU supply  observe supply limit at plant i

                 LOWER          LEVEL          UPPER         MARGINAL

seattle          -INF          350.0000       350.0000         EPS         
san-diego        -INF          550.0000       600.0000          .          

---- EQU demand  satisfy demand at market j

                LOWER          LEVEL          UPPER         MARGINAL

new-york       325.0000       325.0000        +INF            0.2250      
chicago        300.0000       300.0000        +INF            0.1530      
topeka         275.0000       275.0000        +INF            0.1260      

---- VAR x  shipment quantities in cases

                          LOWER          LEVEL          UPPER         MARGINAL

seattle  .new-york          .            50.0000        +INF             .          
seattle  .chicago           .           300.0000        +INF             .          
seattle  .topeka            .              .            +INF            0.0360      
san-diego.new-york          .           275.0000        +INF             .          
san-diego.chicago           .              .            +INF            0.0090      
san-diego.topeka            .           275.0000        +INF             .          

                           LOWER          LEVEL          UPPER         MARGINAL

---- VAR z                 -INF          153.6750        +INF             .          

  z  total transportation costs in thousands of dollars


**** REPORT SUMMARY :        0     NONOPT
                             0 INFEASIBLE
                             0  UNBOUNDED
GAMS 36.0.0  r05db3f8 ALFA Released  9Jul21 WEX-WEI x86 64bit/MS Windows - 11/26/21 14:59:09 Page 6
A Transportation Problem (TRNSPORT,SEQ=1)
E x e c u t i o n


----     66 VARIABLE x.L  shipment quantities in cases

             new-york     chicago      topeka

seattle        50.000     300.000
san-diego     275.000                 275.000


----     66 VARIABLE x.M  shipment quantities in cases

              chicago      topeka

seattle                     0.036
san-diego       0.009



EXECUTION TIME       =        0.203 SECONDS      4 MB  36.0.0 r05db3f8 WEX-WEI


USER: GAMS Demo license for Robin Goltermann         G201201|0002CO-GEN
      GAMS Software GmbH, Germany                              DL026012

**** ************* ALFA release
**** GAMS Base Module 36.0.0 r05db3f8 ALFA Released 09Jul21 WEI x86 64bit/MS Window
**** ************* ALFA release


**** FILE SUMMARY

Input      C:\Users\rogo.000\Documents\GAMS\Studio\workspace\trnsport.gms
Output     C:\Users\rogo.000\Documents\GAMS\Studio\workspace\trnsport.lst
